[     863ms] [WARNING] [TikTok Pixel] - Invalid Event Name Format
Issue: 1 event name was rejected for not following TikTok format requirements.
Suggestion: Go to your source code and update these event types according to TikTok format requirements. See https://ads.tiktok.com/help/article/custom-events?lang=en for more information. @ https://static.m.a-bly.com/_next/static/chunks/pages/_app-cd882e1672943386.js:13
[     863ms] [WARNING] [TikTok Pixel] - Invalid Event Name Format
Issue: 1 event name was rejected for not following TikTok format requirements.
Suggestion: Go to your source code and update these event types according to TikTok format requirements. See https://ads.tiktok.com/help/article/custom-events?lang=en for more information. @ https://static.m.a-bly.com/_next/static/chunks/pages/_app-cd882e1672943386.js:13
[     939ms] [WARNING] [TikTok Pixel] - Missing 'content_id' paramter
Issue: The 'content_id' parameter isn't being received. This is required for Video Shopping Ads (VSA).
Suggestion: Include the 'content_id' parameter in your source code. This is required for Video Shopping Ads (VSA). See https://ads.tiktok.com/help/article/standard-events-parameters?redirected=2 for more information. @ https://static.m.a-bly.com/_next/static/chunks/pages/_app-cd882e1672943386.js:13
[    1683ms] [WARNING] [TikTok Pixel] - Invalid Event Name Format
Issue: 1 event name was rejected for not following TikTok format requirements.
Suggestion: Go to your source code and update these event types according to TikTok format requirements. See https://ads.tiktok.com/help/article/custom-events?lang=en for more information. @ https://static.m.a-bly.com/_next/static/chunks/pages/_app-cd882e1672943386.js:13
[    1683ms] [WARNING] [TikTok Pixel] - Invalid Event Name Format
Issue: 1 event name was rejected for not following TikTok format requirements.
Suggestion: Go to your source code and update these event types according to TikTok format requirements. See https://ads.tiktok.com/help/article/custom-events?lang=en for more information. @ https://static.m.a-bly.com/_next/static/chunks/pages/_app-cd882e1672943386.js:13
[    1701ms] [WARNING] [TikTok Pixel] - Missing 'content_id' paramter
Issue: The 'content_id' parameter isn't being received. This is required for Video Shopping Ads (VSA).
Suggestion: Include the 'content_id' parameter in your source code. This is required for Video Shopping Ads (VSA). See https://ads.tiktok.com/help/article/standard-events-parameters?redirected=2 for more information. @ https://static.m.a-bly.com/_next/static/chunks/pages/_app-cd882e1672943386.js:13
[    2421ms] [WARNING] [TikTok Pixel] - Invalid Event Name Format
Issue: 1 event name was rejected for not following TikTok format requirements.
Suggestion: Go to your source code and update these event types according to TikTok format requirements. See https://ads.tiktok.com/help/article/custom-events?lang=en for more information. @ https://static.m.a-bly.com/_next/static/chunks/pages/_app-cd882e1672943386.js:13
[    2489ms] [WARNING] [TikTok Pixel] - Invalid Event Name Format
Issue: 1 event name was rejected for not following TikTok format requirements.
Suggestion: Go to your source code and update these event types according to TikTok format requirements. See https://ads.tiktok.com/help/article/custom-events?lang=en for more information. @ https://static.m.a-bly.com/_next/static/chunks/pages/_app-cd882e1672943386.js:13
[    8400ms] [WARNING] [TikTok Pixel] - Invalid Event Name Format
Issue: 1 event name was rejected for not following TikTok format requirements.
Suggestion: Go to your source code and update these event types according to TikTok format requirements. See https://ads.tiktok.com/help/article/custom-events?lang=en for more information. @ https://static.m.a-bly.com/_next/static/chunks/pages/_app-cd882e1672943386.js:13
